Testing jobs with no active jobs:
Testing jobs command with background job:
Background job started
Background job completed
Testing jobs after job completion:
Testing multiple background jobs:
Started 3 background jobs
All background jobs completed
Testing job control in pipeline:
Pipeline job started
Pipeline job completed
Testing job specifications:
Job specification test completed
