Testing basic process creation:
Created process
Basic process completed
Testing pipeline process group:
Pipeline process group created
Pipeline completed
Testing process substitution:
test data
Process substitution test completed
Testing subshell process group:
Subshell created
Subshell completed
Testing command substitution process:
Command substitution result: command substitution test
Testing nested process groups:
Nested process group created
Nested process groups completed
Testing function in background process:
Function process completed with status: 127
Testing environment in background process:
Environment process completed
Process group management test completed
