Starting background job:
Background job started
Background job completed
Starting multiple background jobs:
Multiple background jobs started
All background jobs completed
Background job with output:
Background output job completed
Testing background command substitution:
Result: Command substitution result
Testing job status:
False command exit status: 127
True command exit status: 127
Background variable test completed
Testing background pipeline:
Background pipeline completed
