Testing trap -l (list signals):
Testing trap -p (show current traps):
Testing EXIT trap:
Testing trap with signal names:
trap -- 'echo "TERM signal trapped"' TERM
Testing trap reset:
Testing trap with signal numbers:
trap -- 'echo "Signal 15 trapped"' 15
Testing trap ignore:
trap -- '' HUP
Testing multiple signals:
trap -- 'echo "Multiple signal trap"' INT
trap -- 'echo "Multiple signal trap"' QUIT
Testing trap with complex action:
trap -- 'echo "Complex trap: PID=$$, Time=$(date)"' USR1
Signal handling test completed
