Testing shebang handling:
Basic shell script executed
Args:
PSH script executed
Script name: psh
First arg:
No shebang script executed
Current shell handles this
Testing basic shell script:
Testing psh script execution:
Testing no-shebang script:
Testing Python script:
Absolute path shebang
Bash version info: not bash
Testing absolute path shebang:
Testing error handling:
Before error
After error
Error script exit code: 127
Complex script executed
Loop iteration: 1
Loop iteration: 2
Loop iteration: 3
Testing complex script:
Testing script permissions:
This should not execute without +x
Script correctly failed without execute permission
Shebang handling test completed
