Testing countdown recursion:
Count: 3
Count: 2
Count: 1
Count: 0
Done!
Testing factorial recursion:
Factorial of 5: 5
Factorial of 0: 1
Testing Fibonacci recursion:
Fib(0) = 0
Fib(1) = 1
Fib(2) = 0
Fib(3) = 0
Fib(4) = 0
Fib(5) = 0
Testing tree-like recursion:
Level 1
  Level 2
    Level 3
    Level 3
  Level 2
    Level 3
    Level 3
Testing mutual recursion:
is_even(4): true
is_odd(4): false
is_even(7): false
is_odd(7): true
