Testing function in command substitution:
Result: Parent function called with: hello world
Testing math function in command substitution:
6 * 7 = 42
Testing recursive function in command substitution:
Factorial of 4 = 4
Testing function in subshell:
Parent function called with: subshell test
Inside subshell, calling math_func:
12
Testing function in pipeline:
0
Testing nested command substitution:
Nested result: Base: 9, Double: 0
Before subshell:
Original function
Inside subshell:
Modified in subshell
After subshell:
Modified in subshell
Testing function with locals in command substitution:
Local test result: Input: 25, Result: 35
