Before function call:
global_var: global_value
local_var:
Inside function - local_var: local_value
Inside function - global_var: global_value
After function call:
global_var: global_value
local_var:
Before shadow test:
global_var: global_value
Inside function - global_var: shadowed_value
Inside function - shared_var: original
After shadow test:
global_var: global_value
Before assignment test:
shared_var: original
Function local shared_var: function_local
Modified global_var: modified_global
After assignment test:
shared_var: original
global_var: modified_global
var1: value1, var2: value2, var3: value3
Outer function - outer_var: outer
Inner function - inner_var: inner
Inner function - outer_var: inner_shadow
Back in outer - outer_var: outer
