Testing return values:
Success function
success_func exit code: 0
Failure function
failure_func exit code: 1
Custom return
custom_return exit code: 42
Before return
early_return_func exit code: 5
Testing value: good
Good value
good result: 0
Testing value: bad
Bad value
bad result: 1
Testing value: unknown
Unknown value
unknown result: 2
Loop iteration: 1
Loop iteration: 2
Loop iteration: 3
Returning from loop
loop_return_func exit code: 10
Function without explicit return
implicit_return exit code: 0
Function with false command
implicit_return_false exit code: 1
pipeline return through pipe: 0
