Testing indexed arrays:
Testing basic array operations:
arr[0]: first
arr[1]: second
arr[2]: third
Testing array initialization:
colors[0]: red
colors[1]: green
colors[2]: blue
colors[3]: yellow
Testing array expansion:
All colors with ${colors[@]}: red green blue yellow
All colors with ${colors[*]}: red green blue yellow
Testing array length:
Length of colors array: 4
Length of arr array: 3
Testing sparse arrays:
sparse[1]: one
sparse[5]: five
sparse[10]: ten
sparse[3] (unset):
Sparse array length: 3
All sparse elements: one five ten
Testing array indices:
Indices of colors: 0 1 2 3
Indices of sparse: 1 5 10
Testing array with gaps:
Gapped array: zero one two five seven
Gapped indices: 0 1 2 5 7
Gapped length: 5
Testing element modification:
Original fruits: apple banana cherry
After changing fruits[1]: apple orange cherry
After adding fruits[3]: apple orange cherry grape
Testing negative indices:
numbers array: 10 20 30 40 50
Last element (if supported): 50
Testing array concatenation:
Combined array: a b c d e f
Testing array copying:
Original: one two three
Copy: one two three
After modifying copy:
Original: one two three
Copy: one two three modified
Testing arrays with special characters:
Special array: hello world with spaces symbols!@# quotes"inside
Element with spaces: hello world
Element with symbols: symbols!@#
Testing empty elements:
Array with empty elements: first  third
Length: 4
Second element (empty): []
Fourth element (empty): []
Testing array iteration:
Iterating with ${animals[@]}:
  Animal: cat
  Animal: dog
  Animal: bird
  Animal: fish
Iterating with indices:
  animals[0]: cat
  animals[1]: dog
  animals[2]: bird
  animals[3]: fish
Testing array bounds:
Valid index [1]: b
Invalid index [10]:
Negative index [-5]:
Testing array with arithmetic:
Math array: 15 40 25
Testing array with command substitution:
Command array: command output 12:00 n/src/psh
Testing variable expansion in arrays:
Variable array: item_1 item_2 item_3
Testing array clearing:
Before clearing: one two three
After unset:
Length after unset: 0
Testing element removal:
Before removing element: a b c d e
After removing elements[2]: a b d e
Indices after removal: 0 1 3 4
Testing arrays in functions:
Before function call: original_a original_b original_c
Local array in function: (func_a func_b func_c)
After function call: modified_by_function original_b original_c
Indexed arrays test completed
