Testing prompt customization:
Testing basic PS1:
PS1 set to: simple>
Testing PS1 escape sequences:
PS1 with user@host: \u@\h:\w$
Testing individual escape sequences:
Username prompt: \u>
Hostname prompt: \h>
Directory prompt: \w>
Directory basename prompt: \W>
User indicator prompt: $
Testing time escape sequences:
Time prompt: \t>
12-hour time prompt: \T>
Date prompt: \d>
Testing PS2 continuation prompt:
PS2 set to: >
PS2 with dots: ...
PS2 with username: \u>
Testing prompts with ANSI colors:
Red prompt set: \[\033[31m\]red\[\033[0m\]>
Green user@host prompt: \[\033[32m\]\u@\h\[\033[0m\]:\w$
Testing complex prompt combinations:
Bash-style prompt: [\u@\h \W]$
Full info prompt: \d 	 \u@\h:\w$
Testing prompt variable expansion:
Variable in prompt: custom>
Testing prompt with command substitution:
Command substitution prompt: computed>
Testing prompt length handling:
Long prompt: very_long_prompt_string_that_might_wrap>
Testing empty prompts:
Empty PS1: ''
Empty PS2: ''
Testing special characters in prompts:
Glob char prompt: [*]>
Parentheses prompt: (test)>
Braces prompt: {shell}>
Testing escape sequence combinations:
Combined escapes: \u on \h in \w at 	$
Testing invalid escape sequences:
Invalid escapes: \z\q\x>
Testing prompts with backslashes:
Literal backslash prompt: \\>
Testing prompt inheritance:
Exported PS1: exported>
Testing prompts in different contexts:
Current PS1: exported>
PS1 is set: exported>
Testing prompt restoration:
Prompts restored
PS1: psh$
PS2: >
Prompt customization test completed
