Testing continue in for loop:
Processing 1
Processing 2
Skipping 3
Processing 4
Processing 5
Testing break in for loop:
Processing 1
Processing 2
Processing 3
Breaking at 4
Testing continue in while loop:
Count: 1
Count: 2
Skipping count 3
Count: 4
Count: 5
Testing break in while loop:
Count: 1
Count: 2
Count: 3
Breaking at count 4
Testing nested loops with break/continue:
Outer: 1
  Inner: a
  Continuing inner at b
  Inner: c
Outer: 2
  Inner: a
  Inner: b
  Breaking inner at c
