10 is greater than 5
x equals 10
y is not less than 3
Countdown with arithmetic while:
Count: 5
Count: 4
Count: 3
Count: 2
Count: 1
C-style for loop:
Iteration: 1
Iteration: 2
Iteration: 3
C-style for with complex arithmetic:
Value: 2
Value: 4
Value: 6
Nested arithmetic control:
Outer: 1
  Inner: 1
  Inner: 2
    Special case
Outer: 2
  Inner: 1
  Inner: 2
Arithmetic command results:
15 + 25 = 40
Exit status of ((0)): 1
Exit status of ((1)): 0
