Testing basic list expansion:
apple banana cherry
file1.txt file2.txt file3.txt
atest btest ctest
Testing prefix/suffix with lists:
prefix prepost
startsuffix endsuffix
premidpost predlepost
Testing empty elements:
a c
file file.bak
Testing nested braces:
a b1 b2 c
x yw zw
preapost prebdpost precdpost
Testing numeric sequences:
1 2 3 4 5
10 9 8 7 6 5 4 3 2 1
number1 number2 number3
Testing sequences with increment:
0 2 4 6 8 10
10 8 6 4 2 0
1 4 7
Testing zero-padded sequences:
01 02 03 04 05
001 002 003 004 005 006 007 008 009 010
file01.txt file02.txt file03.txt
Testing character sequences:
a b c d e
z y x w v
letterA letterB letterC
Testing mixed case sequences:
A B C
a b c
Testing sequences crossing zero:
-3 -2 -1 0 1 2 3
-05 -04 -03 -02 -01 000 001 002 003 004 005
Testing complex combinations:
a1 a2 b1 b2
xA xB xC yA yB yC
pre1apost pre1bpost pre2apost pre2bpost
Testing braces with globs:
file1.txt file2.txt
file1.txt file2.txt file3.txt
Testing braces in for loops:
Color:
Testing braces with variables:
a,b,c
Testing escaped braces:
{a,b,c}
a,b c
Testing quoted braces:
{a,b,c}
{a,b,c}
Testing reasonable expansion size:
      10
Testing invalid sequences:
z y x w v u t s r q p o n m l k j i h g f e d c b a
