Testing * wildcard:
file1.txt file2.txt
file3.log xyz.log
test_a test_b test_c
Testing ? wildcard:
file1.txt file2.txt
abc.txt def.txt
test_a test_b test_c
Testing character classes:
file1.txt file2.txt
file1.txt file2.txt
abc.txt def.txt
Testing negated character classes:
file[cd psh].txt
Testing character ranges:
file1.txt file2.txt
abc.txt def.txt
Testing mixed patterns:
file1.txt file3.log
file1.txt file2.txt
Testing no matches:
*.xyz
file[456].txt
Testing patterns in for loops:
Found: file2.txt
Found: def.txt
Found: file1.txt
Found: abc.txt
Testing patterns with command substitution:
Files: file3.log xyz.log
Testing case sensitivity:
file1.txt file2.txt
File*.TXT
file1.txt file2.txt file3.log
Testing dot files:
.hidden1 .hidden2
Testing directory patterns:
subdir1/ subdir2/
subdir1/nested.txt subdir2/nested.log
