Testing variable attributes:
Testing integer attribute (-i):
int_var initial: 10
int_var after string assignment: 20
int_var after arithmetic assignment: 8
int_var after invalid assignment: 0
Testing lowercase attribute (-l):
lower_var: hello world
lower_var after assignment: mixed case
Testing uppercase attribute (-u):
upper_var: HELLO WORLD
upper_var after assignment: MIXED CASE
Testing readonly attribute (-r):
readonly_var: constant value
Cannot modify readonly variable (expected)
Testing export attribute (-x):
export_var: exported value
Testing array attribute (-a):
array_var: element1 element2 element3
array_var[1]: element2
Testing associative array attribute (-A):
assoc_var keys: key1 key2
assoc_var[key1]: value1
Testing combined attributes:
int_export: 42
lower_export: exported lowercase
upper_readonly: READONLY UPPERCASE
Cannot modify readonly uppercase variable
Testing attribute inspection:
Checking variable attributes with declare -p:
declare -i int_var="0"
declare -l lower_var="mixed case"
declare -r readonly_var="constant value"
declare -a array_var=([0]="element1" [1]="element2" [2]="element3")
Testing attribute modification:
normal_var before declare: normal value
normal_var after adding integer attribute: 15
Testing attribute behavior:
math_var with integer attribute: 100
math_var arithmetic: 75
Testing attributes with different value types:
hex_var (0x10): 16
octal_var (010): 10
expr_var (2**3): 8
Testing case transformations:
complex_lower: hello123world!@#
complex_upper: HELLO123WORLD!@#
Testing array attribute variations:
indexed_array: first third
indexed_array indices: 0 2
Testing nameref concept:
Original: original value
Reference name: original_var
Reference value: original value
Testing attributes in functions:
Function local_int: 20
Function local_lower: LOCAL UPPERCASE
Function local_upper: local lowercase
Function local_int after arithmetic: 30+10
Testing attribute inheritance:
parent_int before function: 100
parent_int in function: 100
parent_int modified in function: 250
parent_int after function: 250
Testing error handling:
Attempting invalid operations:
Readonly assignment failed (expected)
error_int: 0
Testing attribute persistence:
persistent_int: 10
persistent_int after reassignment: 25
Testing unset with attributes:
unset_test before unset: 42
unset_test after unset:
unset_test after re-declare: 10
Testing global vs local attributes:
global_attr_var before function: GLOBAL
global_attr_var in function: GLOBAL
local global_attr_var: FUNCTION LOCAL
global_attr_var after function: GLOBAL
Testing multiple attribute combinations:
multi_attr (integer, readonly, export): 100
Testing attribute conflicts:
conflict_var with both -l and -u: TEST STRING
Testing array attributes with different assignments:
assign_array: one two three six seven
Testing typeset vs declare:
typeset_var: 25
Variable attributes test completed
